// Vitest Snapshot v1, https://vitest.dev/guide/snapshot.html

exports[`card > base 1`] = `
<div
  class="card"
  data-v-c6c3362a=""
>
  <p
    data-v-c6c3362a=""
  >
    test testing
  </p>
  <div
    class="modal-set"
    data-v-c6c3362a=""
  >
    <button
      class="view"
      data-v-c6c3362a=""
    >
      [View]
    </button>
    <button
      class="edit"
      data-v-c6c3362a=""
    >
      [Edit]
    </button>
    <button
      class="delete"
      data-v-c6c3362a=""
    >
      [Delete]
    </button>
  </div>
</div>
`;
