// Vitest Snapshot v1, https://vitest.dev/guide/snapshot.html

exports[`contractual employee form > base 1`] = `
<form>
  <div
    class="input-group"
  >
    <label>
      First Name
    </label>
    <input
      name="first_name"
      type="text"
    />
  </div>
  <div
    class="input-group"
  >
    <label>
      Last Name
    </label>
    <input
      name="last_name"
      type="text"
    />
  </div>
  <div
    class="input-group"
  >
    <label>
      Email
    </label>
    <input
      name="email"
      type="email"
    />
  </div>
  <div
    class="input-group"
  >
    <label>
      Employee Type
    </label>
    <select>
      <option
        selected=""
      >
        regular
      </option>
      <option>
        contractual
      </option>
    </select>
  </div>
  <div
    class="input-group"
  >
    <label>
      Contract End Date
    </label>
    <input
      name="contract_end_date"
      type="date"
    />
  </div>
  <div
    class="input-group"
  >
    <label>
      Project
    </label>
    <input
      name="project"
      type="text"
    />
  </div>
  <button
    type="submit"
  >
    Submit
  </button>
</form>
`;
