// Vitest Snapshot v1, https://vitest.dev/guide/snapshot.html

exports[`icon > base 1`] = `
<svg
  class="icon lg"
  data-v-26446d8e=""
>
  <g
    data-v-26446d8e=""
    transform-origin="center"
  >
    <use
      data-v-26446d8e=""
      xlink:href="/node_modules/bootstrap-icons/bootstrap-icons.svg#x"
    />
  </g>
</svg>
`;
