// Vitest Snapshot v1, https://vitest.dev/guide/snapshot.html

exports[`home > base 1`] = `
VueWrapper {
  "__app": {
    "_component": {
      "name": "VTU_ROOT",
      "render": [Function],
      "setup": [Function],
    },
    "_container": <div
      data-v-app=""
    >
      <main>
        <div
          class="main-button-set"
        >
          <button
            class="add"
          >
            Add
          </button>
          <button
            class="logout"
          >
            Logout
          </button>
        </div>
        <div
          class="employee-deck"
        >
          
          
        </div>
        <!--v-if-->
        <!--v-if-->
        <!--v-if-->
      </main>
    </div>,
    "_context": {
      "app": [Circular],
      "components": {
        "transition": {
          "name": "transition",
        },
        "transition-group": {
          "name": "transition-group",
        },
      },
      "config": {
        "compilerOptions": {},
        "errorHandler": undefined,
        "globalProperties": {},
        "isNativeTag": [Function],
        "optionMergeStrategies": {},
        "performance": false,
        "warnHandler": undefined,
      },
      "directives": {},
      "emitsCache": WeakMap {},
      "mixins": [
        {
          "beforeCreate": [Function],
        },
      ],
      "optionsCache": WeakMap {},
      "propsCache": WeakMap {},
      "provides": {},
      "reload": [Function],
    },
    "_instance": {
      "a": null,
      "accessCache": {},
      "appContext": {
        "app": [Circular],
        "components": {
          "transition": {
            "name": "transition",
          },
          "transition-group": {
            "name": "transition-group",
          },
        },
        "config": {
          "compilerOptions": {},
          "errorHandler": undefined,
          "globalProperties": {},
          "isNativeTag": [Function],
          "optionMergeStrategies": {},
          "performance": false,
          "warnHandler": undefined,
        },
        "directives": {},
        "emitsCache": WeakMap {},
        "mixins": [
          {
            "beforeCreate": [Function],
          },
        ],
        "optionsCache": WeakMap {},
        "propsCache": WeakMap {},
        "provides": {},
        "reload": [Function],
      },
      "asyncDep": null,
      "asyncResolved": false,
      "attrs": {},
      "bc": null,
      "bm": null,
      "bu": null,
      "bum": null,
      "c": null,
      "components": null,
      "ctx": {
        "VTU_COMPONENT": {},
      },
      "da": null,
      "data": {},
      "devtoolsRawSetupState": {
        "VTU_COMPONENT": RefImpl {
          "__v_isRef": true,
          "__v_isShallow": false,
          "_rawValue": {},
          "_value": {},
          "dep": undefined,
        },
      },
      "directives": null,
      "ec": null,
      "effect": ReactiveEffect {
        "_depsLength": 3,
        "_dirtyLevel": 0,
        "_runnings": 0,
        "_shouldSchedule": false,
        "_trackId": 1,
        "active": true,
        "allowRecurse": true,
        "deps": [
          Map {
            [Circular] => 1,
          },
          Map {
            [Circular] => 1,
          },
          Map {
            [Circular] => 1,
          },
        ],
        "fn": [Function],
        "onTrack": undefined,
        "onTrigger": undefined,
        "scheduler": [Function],
        "trigger": [Function],
      },
      "emit": [Function],
      "emitsOptions": null,
      "emitted": null,
      "exposeProxy": null,
      "exposed": null,
      "inheritAttrs": undefined,
      "isDeactivated": false,
      "isMounted": true,
      "isUnmounted": false,
      "m": null,
      "next": null,
      "parent": null,
      "props": {},
      "propsDefaults": {},
      "propsOptions": [
        {},
        [],
      ],
      "provides": {},
      "proxy": {
        "VTU_COMPONENT": {},
      },
      "refs": {
        "VTU_COMPONENT": {},
      },
      "render": [Function],
      "renderCache": [],
      "root": [Circular],
      "rtc": null,
      "rtg": null,
      "scope": EffectScope {
        "_active": true,
        "cleanups": [],
        "detached": true,
        "effects": [
          ReactiveEffect {
            "_depsLength": 3,
            "_dirtyLevel": 0,
            "_runnings": 0,
            "_shouldSchedule": false,
            "_trackId": 1,
            "active": true,
            "allowRecurse": true,
            "deps": [
              Map {
                [Circular] => 1,
              },
              Map {
                [Circular] => 1,
              },
              Map {
                [Circular] => 1,
              },
            ],
            "fn": [Function],
            "onTrack": undefined,
            "onTrigger": undefined,
            "scheduler": [Function],
            "trigger": [Function],
          },
        ],
        "parent": undefined,
      },
      "setupContext": null,
      "setupState": {
        "VTU_COMPONENT": {},
      },
      "slots": {},
      "sp": null,
      "subTree": {
        "__v_isVNode": true,
        "__v_skip": true,
        "anchor": null,
        "appContext": null,
        "children": null,
        "component": {
          "a": null,
          "accessCache": {},
          "appContext": {
            "app": [Circular],
            "components": {
              "transition": {
                "name": "transition",
              },
              "transition-group": {
                "name": "transition-group",
              },
            },
            "config": {
              "compilerOptions": {},
              "errorHandler": undefined,
              "globalProperties": {},
              "isNativeTag": [Function],
              "optionMergeStrategies": {},
              "performance": false,
              "warnHandler": undefined,
            },
            "directives": {},
            "emitsCache": WeakMap {},
            "mixins": [
              {
                "beforeCreate": [Function],
              },
            ],
            "optionsCache": WeakMap {},
            "propsCache": WeakMap {},
            "provides": {},
            "reload": [Function],
          },
          "asyncDep": null,
          "asyncResolved": false,
          "attrs": {},
          "bc": null,
          "bm": null,
          "bu": null,
          "bum": null,
          "c": null,
          "components": {},
          "ctx": {},
          "da": null,
          "data": {},
          "devtoolsRawSetupState": {
            "Card": {
              "__file": "/home/cubone/Sprout-Exam/frontend/src/components/Card.vue",
              "__name": "Card",
              "__scopeId": "data-v-c6c3362a",
              "emits": [
                "view",
                "edit",
                "delete",
              ],
              "props": {
                "first_name": {
                  "required": true,
                  "type": [Function],
                },
                "last_name": {
                  "required": true,
                  "type": [Function],
                },
              },
              "render": [Function],
              "setup": [Function],
            },
            "ContractualEmployeeForm": {
              "__file": "/home/cubone/Sprout-Exam/frontend/src/components/ContractualEmployeeForm.vue",
              "__name": "ContractualEmployeeForm",
              "emits": [
                "submit",
              ],
              "props": {
                "employee": {
                  "required": true,
                  "type": [Function],
                },
              },
              "render": [Function],
              "setup": [Function],
            },
            "Modal": {
              "__file": "/home/cubone/Sprout-Exam/frontend/src/components/Modal.vue",
              "__name": "Modal",
              "__scopeId": "data-v-94fcd891",
              "emits": [
                "close",
              ],
              "props": {
                "title": {
                  "required": false,
                  "type": [Function],
                },
              },
              "render": [Function],
              "setup": [Function],
            },
            "RegularEmployeeForm": {
              "__file": "/home/cubone/Sprout-Exam/frontend/src/components/RegularEmployeeForm.vue",
              "__name": "RegularEmployeeForm",
              "emits": [
                "submit",
              ],
              "props": {
                "employee": {
                  "required": true,
                  "type": [Function],
                },
              },
              "render": [Function],
              "setup": [Function],
            },
            "addEmployee": [Function],
            "currentEmployee": RefImpl {
              "__v_isRef": true,
              "__v_isShallow": false,
              "_rawValue": {
                "email": "",
                "employee_type": "",
                "first_name": "",
                "id": 0,
                "last_name": "",
                "properties": {},
              },
              "_value": {
                "email": "",
                "employee_type": "",
                "first_name": "",
                "id": 0,
                "last_name": "",
                "properties": {},
              },
              "dep": undefined,
            },
            "deleteEmployee": [Function],
            "employees": RefImpl {
              "__v_isRef": true,
              "__v_isShallow": false,
              "_rawValue": [],
              "_value": [],
              "dep": Map {
                ReactiveEffect {
                  "_depsLength": 5,
                  "_dirtyLevel": 0,
                  "_runnings": 0,
                  "_shouldSchedule": false,
                  "_trackId": 1,
                  "active": true,
                  "allowRecurse": true,
                  "deps": [
                    [Circular],
                    Map {
                      [Circular] => 1,
                    },
                    Map {
                      [Circular] => 1,
                    },
                    Map {
                      [Circular] => 1,
                    },
                    Map {
                      [Circular] => 1,
                    },
                  ],
                  "fn": [Function],
                  "onTrack": undefined,
                  "onTrigger": undefined,
                  "scheduler": [Function],
                  "trigger": [Function],
                } => 1,
              },
            },
            "fetchEmployees": [Function],
            "isOpenDeleteModal": RefImpl {
              "__v_isRef": true,
              "__v_isShallow": false,
              "_rawValue": false,
              "_value": false,
              "dep": Map {
                ReactiveEffect {
                  "_depsLength": 5,
                  "_dirtyLevel": 0,
                  "_runnings": 0,
                  "_shouldSchedule": false,
                  "_trackId": 1,
                  "active": true,
                  "allowRecurse": true,
                  "deps": [
                    Map {
                      [Circular] => 1,
                    },
                    Map {
                      [Circular] => 1,
                    },
                    Map {
                      [Circular] => 1,
                    },
                    Map {
                      [Circular] => 1,
                    },
                    [Circular],
                  ],
                  "fn": [Function],
                  "onTrack": undefined,
                  "onTrigger": undefined,
                  "scheduler": [Function],
                  "trigger": [Function],
                } => 1,
              },
            },
            "isOpenSaveModal": RefImpl {
              "__v_isRef": true,
              "__v_isShallow": false,
              "_rawValue": false,
              "_value": false,
              "dep": Map {
                ReactiveEffect {
                  "_depsLength": 5,
                  "_dirtyLevel": 0,
                  "_runnings": 0,
                  "_shouldSchedule": false,
                  "_trackId": 1,
                  "active": true,
                  "allowRecurse": true,
                  "deps": [
                    Map {
                      [Circular] => 1,
                    },
                    Map {
                      [Circular] => 1,
                    },
                    [Circular],
                    Map {
                      [Circular] => 1,
                    },
                    Map {
                      [Circular] => 1,
                    },
                  ],
                  "fn": [Function],
                  "onTrack": undefined,
                  "onTrigger": undefined,
                  "scheduler": [Function],
                  "trigger": [Function],
                } => 1,
              },
            },
            "isOpenViewModal": RefImpl {
              "__v_isRef": true,
              "__v_isShallow": false,
              "_rawValue": false,
              "_value": false,
              "dep": Map {
                ReactiveEffect {
                  "_depsLength": 5,
                  "_dirtyLevel": 0,
                  "_runnings": 0,
                  "_shouldSchedule": false,
                  "_trackId": 1,
                  "active": true,
                  "allowRecurse": true,
                  "deps": [
                    Map {
                      [Circular] => 1,
                    },
                    Map {
                      [Circular] => 1,
                    },
                    Map {
                      [Circular] => 1,
                    },
                    [Circular],
                    Map {
                      [Circular] => 1,
                    },
                  ],
                  "fn": [Function],
                  "onTrack": undefined,
                  "onTrigger": undefined,
                  "scheduler": [Function],
                  "trigger": [Function],
                } => 1,
              },
            },
            "logoutUser": [Function],
            "modalTitle": RefImpl {
              "__v_isRef": true,
              "__v_isShallow": false,
              "_rawValue": "",
              "_value": "",
              "dep": undefined,
            },
            "onClickAddEmployee": [Function],
            "onClickDeleteEmployee": [Function],
            "onClickEditEmployee": [Function],
            "onClickViewEmployee": [Function],
            "saveEmployee": [Function],
            "updateEmployee": [Function],
          },
          "directives": null,
          "ec": null,
          "effect": ReactiveEffect {
            "_depsLength": 5,
            "_dirtyLevel": 0,
            "_runnings": 0,
            "_shouldSchedule": false,
            "_trackId": 1,
            "active": true,
            "allowRecurse": true,
            "deps": [
              Map {
                [Circular] => 1,
              },
              Map {
                [Circular] => 1,
              },
              Map {
                [Circular] => 1,
              },
              Map {
                [Circular] => 1,
              },
              Map {
                [Circular] => 1,
              },
            ],
            "fn": [Function],
            "onTrack": undefined,
            "onTrigger": undefined,
            "scheduler": [Function],
            "trigger": [Function],
          },
          "emit": [Function],
          "emitsOptions": null,
          "emitted": null,
          "exposeProxy": {},
          "exposed": {},
          "inheritAttrs": undefined,
          "isDeactivated": false,
          "isMounted": true,
          "isUnmounted": false,
          "m": [
            [Function],
          ],
          "next": null,
          "parent": [Circular],
          "props": {},
          "propsDefaults": {},
          "propsOptions": [
            {},
            [],
          ],
          "provides": {},
          "proxy": {},
          "refs": {},
          "render": [Function],
          "renderCache": [],
          "root": [Circular],
          "rtc": null,
          "rtg": null,
          "scope": EffectScope {
            "_active": true,
            "cleanups": [],
            "detached": true,
            "effects": [
              ReactiveEffect {
                "_depsLength": 5,
                "_dirtyLevel": 0,
                "_runnings": 0,
                "_shouldSchedule": false,
                "_trackId": 1,
                "active": true,
                "allowRecurse": true,
                "deps": [
                  Map {
                    [Circular] => 1,
                  },
                  Map {
                    [Circular] => 1,
                  },
                  Map {
                    [Circular] => 1,
                  },
                  Map {
                    [Circular] => 1,
                  },
                  Map {
                    [Circular] => 1,
                  },
                ],
                "fn": [Function],
                "onTrack": undefined,
                "onTrigger": undefined,
                "scheduler": [Function],
                "trigger": [Function],
              },
            ],
            "parent": undefined,
          },
          "setupContext": {
            "attrs": {},
            "emit": [Function],
            "expose": [Function],
            "slots": {},
          },
          "setupState": {
            "Card": {
              "__file": "/home/cubone/Sprout-Exam/frontend/src/components/Card.vue",
              "__name": "Card",
              "__scopeId": "data-v-c6c3362a",
              "emits": [
                "view",
                "edit",
                "delete",
              ],
              "props": {
                "first_name": {
                  "required": true,
                  "type": [Function],
                },
                "last_name": {
                  "required": true,
                  "type": [Function],
                },
              },
              "render": [Function],
              "setup": [Function],
            },
            "ContractualEmployeeForm": {
              "__file": "/home/cubone/Sprout-Exam/frontend/src/components/ContractualEmployeeForm.vue",
              "__name": "ContractualEmployeeForm",
              "emits": [
                "submit",
              ],
              "props": {
                "employee": {
                  "required": true,
                  "type": [Function],
                },
              },
              "render": [Function],
              "setup": [Function],
            },
            "Modal": {
              "__file": "/home/cubone/Sprout-Exam/frontend/src/components/Modal.vue",
              "__name": "Modal",
              "__scopeId": "data-v-94fcd891",
              "emits": [
                "close",
              ],
              "props": {
                "title": {
                  "required": false,
                  "type": [Function],
                },
              },
              "render": [Function],
              "setup": [Function],
            },
            "RegularEmployeeForm": {
              "__file": "/home/cubone/Sprout-Exam/frontend/src/components/RegularEmployeeForm.vue",
              "__name": "RegularEmployeeForm",
              "emits": [
                "submit",
              ],
              "props": {
                "employee": {
                  "required": true,
                  "type": [Function],
                },
              },
              "render": [Function],
              "setup": [Function],
            },
            "addEmployee": [Function],
            "currentEmployee": {
              "email": "",
              "employee_type": "",
              "first_name": "",
              "id": 0,
              "last_name": "",
              "properties": {},
            },
            "deleteEmployee": [Function],
            "employees": [],
            "fetchEmployees": [Function],
            "isOpenDeleteModal": false,
            "isOpenSaveModal": false,
            "isOpenViewModal": false,
            "logoutUser": [Function],
            "modalTitle": "",
            "onClickAddEmployee": [Function],
            "onClickDeleteEmployee": [Function],
            "onClickEditEmployee": [Function],
            "onClickViewEmployee": [Function],
            "saveEmployee": [Function],
            "updateEmployee": [Function],
          },
          "slots": {},
          "sp": null,
          "subTree": {
            "__v_isVNode": true,
            "__v_skip": true,
            "anchor": null,
            "appContext": null,
            "children": [
              {
                "__v_isVNode": true,
                "__v_skip": true,
                "anchor": null,
                "appContext": null,
                "children": [
                  {
                    "__v_isVNode": true,
                    "__v_skip": true,
                    "anchor": null,
                    "appContext": null,
                    "children": "Add",
                    "component": null,
                    "ctx": [Circular],
                    "dirs": null,
                    "dynamicChildren": null,
                    "dynamicProps": null,
                    "el": <button
                      class="add"
                    >
                      Add
                    </button>,
                    "key": null,
                    "patchFlag": 0,
                    "props": {
                      "class": "add",
                      "onClick": [Function],
                    },
                    "ref": null,
                    "scopeId": null,
                    "shapeFlag": 9,
                    "slotScopeIds": null,
                    "ssContent": null,
                    "ssFallback": null,
                    "staticCount": 0,
                    "suspense": null,
                    "target": null,
                    "targetAnchor": null,
                    "targetStart": null,
                    "transition": null,
                    "type": "button",
                  },
                  {
                    "__v_isVNode": true,
                    "__v_skip": true,
                    "anchor": null,
                    "appContext": null,
                    "children": "Logout",
                    "component": null,
                    "ctx": [Circular],
                    "dirs": null,
                    "dynamicChildren": null,
                    "dynamicProps": null,
                    "el": <button
                      class="logout"
                    >
                      Logout
                    </button>,
                    "key": null,
                    "patchFlag": 0,
                    "props": {
                      "class": "logout",
                      "onClick": [Function],
                    },
                    "ref": null,
                    "scopeId": null,
                    "shapeFlag": 9,
                    "slotScopeIds": null,
                    "ssContent": null,
                    "ssFallback": null,
                    "staticCount": 0,
                    "suspense": null,
                    "target": null,
                    "targetAnchor": null,
                    "targetStart": null,
                    "transition": null,
                    "type": "button",
                  },
                ],
                "component": null,
                "ctx": [Circular],
                "dirs": null,
                "dynamicChildren": null,
                "dynamicProps": null,
                "el": <div
                  class="main-button-set"
                >
                  <button
                    class="add"
                  >
                    Add
                  </button>
                  <button
                    class="logout"
                  >
                    Logout
                  </button>
                </div>,
                "key": null,
                "patchFlag": 0,
                "props": {
                  "class": "main-button-set",
                },
                "ref": null,
                "scopeId": null,
                "shapeFlag": 17,
                "slotScopeIds": null,
                "ssContent": null,
                "ssFallback": null,
                "staticCount": 0,
                "suspense": null,
                "target": null,
                "targetAnchor": null,
                "targetStart": null,
                "transition": null,
                "type": "div",
              },
              {
                "__v_isVNode": true,
                "__v_skip": true,
                "anchor": null,
                "appContext": null,
                "children": [
                  {
                    "__v_isVNode": true,
                    "__v_skip": true,
                    "anchor": ,
                    "appContext": null,
                    "children": [],
                    "component": null,
                    "ctx": [Circular],
                    "dirs": null,
                    "dynamicChildren": [],
                    "dynamicProps": null,
                    "el": ,
                    "key": null,
                    "patchFlag": 256,
                    "props": null,
                    "ref": null,
                    "scopeId": null,
                    "shapeFlag": 16,
                    "slotScopeIds": null,
                    "ssContent": null,
                    "ssFallback": null,
                    "staticCount": 0,
                    "suspense": null,
                    "target": null,
                    "targetAnchor": null,
                    "targetStart": null,
                    "transition": null,
                    "type": Symbol(v-fgt),
                  },
                ],
                "component": null,
                "ctx": [Circular],
                "dirs": null,
                "dynamicChildren": null,
                "dynamicProps": null,
                "el": <div
                  class="employee-deck"
                >
                  
                  
                </div>,
                "key": null,
                "patchFlag": 0,
                "props": {
                  "class": "employee-deck",
                },
                "ref": null,
                "scopeId": null,
                "shapeFlag": 17,
                "slotScopeIds": null,
                "ssContent": null,
                "ssFallback": null,
                "staticCount": 0,
                "suspense": null,
                "target": null,
                "targetAnchor": null,
                "targetStart": null,
                "transition": null,
                "type": "div",
              },
              {
                "__v_isVNode": true,
                "__v_skip": true,
                "anchor": null,
                "appContext": null,
                "children": "v-if",
                "component": null,
                "ctx": [Circular],
                "dirs": null,
                "dynamicChildren": [],
                "dynamicProps": null,
                "el": <!--v-if-->,
                "key": null,
                "patchFlag": 0,
                "props": null,
                "ref": null,
                "scopeId": null,
                "shapeFlag": 8,
                "slotScopeIds": null,
                "ssContent": null,
                "ssFallback": null,
                "staticCount": 0,
                "suspense": null,
                "target": null,
                "targetAnchor": null,
                "targetStart": null,
                "transition": null,
                "type": Symbol(v-cmt),
              },
              {
                "__v_isVNode": true,
                "__v_skip": true,
                "anchor": null,
                "appContext": null,
                "children": "v-if",
                "component": null,
                "ctx": [Circular],
                "dirs": null,
                "dynamicChildren": [],
                "dynamicProps": null,
                "el": <!--v-if-->,
                "key": null,
                "patchFlag": 0,
                "props": null,
                "ref": null,
                "scopeId": null,
                "shapeFlag": 8,
                "slotScopeIds": null,
                "ssContent": null,
                "ssFallback": null,
                "staticCount": 0,
                "suspense": null,
                "target": null,
                "targetAnchor": null,
                "targetStart": null,
                "transition": null,
                "type": Symbol(v-cmt),
              },
              {
                "__v_isVNode": true,
                "__v_skip": true,
                "anchor": null,
                "appContext": null,
                "children": "v-if",
                "component": null,
                "ctx": [Circular],
                "dirs": null,
                "dynamicChildren": [],
                "dynamicProps": null,
                "el": <!--v-if-->,
                "key": null,
                "patchFlag": 0,
                "props": null,
                "ref": null,
                "scopeId": null,
                "shapeFlag": 8,
                "slotScopeIds": null,
                "ssContent": null,
                "ssFallback": null,
                "staticCount": 0,
                "suspense": null,
                "target": null,
                "targetAnchor": null,
                "targetStart": null,
                "transition": null,
                "type": Symbol(v-cmt),
              },
            ],
            "component": null,
            "ctx": [Circular],
            "dirs": null,
            "dynamicChildren": [
              {
                "__v_isVNode": true,
                "__v_skip": true,
                "anchor": ,
                "appContext": null,
                "children": [],
                "component": null,
                "ctx": [Circular],
                "dirs": null,
                "dynamicChildren": [],
                "dynamicProps": null,
                "el": ,
                "key": null,
                "patchFlag": 256,
                "props": null,
                "ref": null,
                "scopeId": null,
                "shapeFlag": 16,
                "slotScopeIds": null,
                "ssContent": null,
                "ssFallback": null,
                "staticCount": 0,
                "suspense": null,
                "target": null,
                "targetAnchor": null,
                "targetStart": null,
                "transition": null,
                "type": Symbol(v-fgt),
              },
              {
                "__v_isVNode": true,
                "__v_skip": true,
                "anchor": null,
                "appContext": null,
                "children": "v-if",
                "component": null,
                "ctx": [Circular],
                "dirs": null,
                "dynamicChildren": [],
                "dynamicProps": null,
                "el": <!--v-if-->,
                "key": null,
                "patchFlag": 0,
                "props": null,
                "ref": null,
                "scopeId": null,
                "shapeFlag": 8,
                "slotScopeIds": null,
                "ssContent": null,
                "ssFallback": null,
                "staticCount": 0,
                "suspense": null,
                "target": null,
                "targetAnchor": null,
                "targetStart": null,
                "transition": null,
                "type": Symbol(v-cmt),
              },
              {
                "__v_isVNode": true,
                "__v_skip": true,
                "anchor": null,
                "appContext": null,
                "children": "v-if",
                "component": null,
                "ctx": [Circular],
                "dirs": null,
                "dynamicChildren": [],
                "dynamicProps": null,
                "el": <!--v-if-->,
                "key": null,
                "patchFlag": 0,
                "props": null,
                "ref": null,
                "scopeId": null,
                "shapeFlag": 8,
                "slotScopeIds": null,
                "ssContent": null,
                "ssFallback": null,
                "staticCount": 0,
                "suspense": null,
                "target": null,
                "targetAnchor": null,
                "targetStart": null,
                "transition": null,
                "type": Symbol(v-cmt),
              },
              {
                "__v_isVNode": true,
                "__v_skip": true,
                "anchor": null,
                "appContext": null,
                "children": "v-if",
                "component": null,
                "ctx": [Circular],
                "dirs": null,
                "dynamicChildren": [],
                "dynamicProps": null,
                "el": <!--v-if-->,
                "key": null,
                "patchFlag": 0,
                "props": null,
                "ref": null,
                "scopeId": null,
                "shapeFlag": 8,
                "slotScopeIds": null,
                "ssContent": null,
                "ssFallback": null,
                "staticCount": 0,
                "suspense": null,
                "target": null,
                "targetAnchor": null,
                "targetStart": null,
                "transition": null,
                "type": Symbol(v-cmt),
              },
            ],
            "dynamicProps": null,
            "el": <main>
              <div
                class="main-button-set"
              >
                <button
                  class="add"
                >
                  Add
                </button>
                <button
                  class="logout"
                >
                  Logout
                </button>
              </div>
              <div
                class="employee-deck"
              >
                
                
              </div>
              <!--v-if-->
              <!--v-if-->
              <!--v-if-->
            </main>,
            "key": null,
            "patchFlag": 0,
            "props": null,
            "ref": null,
            "scopeId": null,
            "shapeFlag": 17,
            "slotScopeIds": null,
            "ssContent": null,
            "ssFallback": null,
            "staticCount": 0,
            "suspense": null,
            "target": null,
            "targetAnchor": null,
            "targetStart": null,
            "transition": null,
            "type": "main",
          },
          "suspense": null,
          "suspenseId": 0,
          "type": {
            "__file": "/home/cubone/Sprout-Exam/frontend/src/views/HomeView.vue",
            "__name": "HomeView",
            "components": {},
            "render": [Function],
            "setup": [Function],
          },
          "u": null,
          "uid": 1,
          "um": null,
          "update": [Function],
          "vnode": [Circular],
          "withProxy": null,
        },
        "ctx": [Circular],
        "dirs": null,
        "dynamicChildren": null,
        "dynamicProps": null,
        "el": <main>
          <div
            class="main-button-set"
          >
            <button
              class="add"
            >
              Add
            </button>
            <button
              class="logout"
            >
              Logout
            </button>
          </div>
          <div
            class="employee-deck"
          >
            
            
          </div>
          <!--v-if-->
          <!--v-if-->
          <!--v-if-->
        </main>,
        "key": null,
        "patchFlag": 0,
        "props": {
          "ref": "VTU_COMPONENT",
        },
        "ref": {
          "f": false,
          "i": [Circular],
          "k": undefined,
          "r": "VTU_COMPONENT",
        },
        "scopeId": null,
        "shapeFlag": 4,
        "slotScopeIds": null,
        "ssContent": null,
        "ssFallback": null,
        "staticCount": 0,
        "suspense": null,
        "target": null,
        "targetAnchor": null,
        "targetStart": null,
        "transition": null,
        "type": {
          "__file": "/home/cubone/Sprout-Exam/frontend/src/views/HomeView.vue",
          "__name": "HomeView",
          "components": {},
          "render": [Function],
          "setup": [Function],
        },
      },
      "suspense": null,
      "suspenseId": 0,
      "type": {
        "name": "VTU_ROOT",
        "render": [Function],
        "setup": [Function],
      },
      "u": null,
      "uid": 0,
      "um": null,
      "update": [Function],
      "vnode": {
        "__v_isVNode": true,
        "__v_skip": true,
        "anchor": null,
        "appContext": {
          "app": [Circular],
          "components": {
            "transition": {
              "name": "transition",
            },
            "transition-group": {
              "name": "transition-group",
            },
          },
          "config": {
            "compilerOptions": {},
            "errorHandler": undefined,
            "globalProperties": {},
            "isNativeTag": [Function],
            "optionMergeStrategies": {},
            "performance": false,
            "warnHandler": undefined,
          },
          "directives": {},
          "emitsCache": WeakMap {},
          "mixins": [
            {
              "beforeCreate": [Function],
            },
          ],
          "optionsCache": WeakMap {},
          "propsCache": WeakMap {},
          "provides": {},
          "reload": [Function],
        },
        "children": null,
        "component": [Circular],
        "ctx": null,
        "dirs": null,
        "dynamicChildren": null,
        "dynamicProps": null,
        "el": <main>
          <div
            class="main-button-set"
          >
            <button
              class="add"
            >
              Add
            </button>
            <button
              class="logout"
            >
              Logout
            </button>
          </div>
          <div
            class="employee-deck"
          >
            
            
          </div>
          <!--v-if-->
          <!--v-if-->
          <!--v-if-->
        </main>,
        "key": null,
        "patchFlag": 0,
        "props": null,
        "ref": null,
        "scopeId": null,
        "shapeFlag": 4,
        "slotScopeIds": null,
        "ssContent": null,
        "ssFallback": null,
        "staticCount": 0,
        "suspense": null,
        "target": null,
        "targetAnchor": null,
        "targetStart": null,
        "transition": null,
        "type": {
          "name": "VTU_ROOT",
          "render": [Function],
          "setup": [Function],
        },
      },
      "withProxy": null,
    },
    "_props": null,
    "_uid": 0,
    "component": [Function],
    "config": {
      "compilerOptions": {},
      "errorHandler": undefined,
      "globalProperties": {},
      "isNativeTag": [Function],
      "optionMergeStrategies": {},
      "performance": false,
      "warnHandler": undefined,
    },
    "directive": [Function],
    "mixin": [Function],
    "mount": [Function],
    "provide": [Function],
    "runWithContext": [Function],
    "unmount": [Function],
    "use": [Function],
    "version": "3.4.38",
  },
  "__setProps": [Function],
  "cleanUpCallbacks": [
    [Function],
    [Function],
    [Function],
    [Function],
    [Function],
    [Function],
    [Function],
    [Function],
    [Function],
    [Function],
    [Function],
    [Function],
    [Function],
    [Function],
    [Function],
    [Function],
    [Function],
    [Function],
    [Function],
    [Function],
    [Function],
    [Function],
    [Function],
    [Function],
    [Function],
    [Function],
    [Function],
    [Function],
    [Function],
    [Function],
    [Function],
    [Function],
    [Function],
    [Function],
    [Function],
    [Function],
    [Function],
    [Function],
    [Function],
    [Function],
    [Function],
    [Function],
    [Function],
    [Function],
    [Function],
    [Function],
    [Function],
    [Function],
    [Function],
    [Function],
    [Function],
    [Function],
    [Function],
    [Function],
    [Function],
    [Function],
    [Function],
    [Function],
    [Function],
    [Function],
    [Function],
    [Function],
    [Function],
    [Function],
    [Function],
    [Function],
    [Function],
    [Function],
    [Function],
    [Function],
    [Function],
    [Function],
    [Function],
    [Function],
    [Function],
    [Function],
    [Function],
    [Function],
    [Function],
    [Function],
    [Function],
    [Function],
    [Function],
    [Function],
    [Function],
    [Function],
    [Function],
    [Function],
    [Function],
    [Function],
    [Function],
    [Function],
    [Function],
    [Function],
    [Function],
    [Function],
    [Function],
    [Function],
    [Function],
    [Function],
    [Function],
    [Function],
    [Function],
    [Function],
    [Function],
    [Function],
    [Function],
    [Function],
    [Function],
    [Function],
    [Function],
    [Function],
    [Function],
    [Function],
    [Function],
    [Function],
    [Function],
    [Function],
    [Function],
    [Function],
    [Function],
    [Function],
    [Function],
    [Function],
    [Function],
    [Function],
    [Function],
    [Function],
    [Function],
    [Function],
    [Function],
    [Function],
    [Function],
    [Function],
    [Function],
    [Function],
    [Function],
    [Function],
    [Function],
    [Function],
    [Function],
    [Function],
    [Function],
    [Function],
    [Function],
    [Function],
    [Function],
    [Function],
    [Function],
    [Function],
    [Function],
    [Function],
    [Function],
    [Function],
    [Function],
    [Function],
    [Function],
    [Function],
    [Function],
    [Function],
    [Function],
    [Function],
    [Function],
    [Function],
    [Function],
    [Function],
    [Function],
    [Function],
    [Function],
    [Function],
    [Function],
    [Function],
  ],
  "componentVM": {},
  "isDisabled": [Function],
  "rootVM": {
    "VTU_COMPONENT": {},
  },
  "wrapperElement": <main>
    <div
      class="main-button-set"
    >
      <button
        class="add"
      >
        Add
      </button>
      <button
        class="logout"
      >
        Logout
      </button>
    </div>
    <div
      class="employee-deck"
    >
      
      
    </div>
    <!--v-if-->
    <!--v-if-->
    <!--v-if-->
  </main>,
}
`;
