// Vitest Snapshot v1, https://vitest.dev/guide/snapshot.html

exports[`login > base 1`] = `
<div
  class="login"
  data-v-45f5edd7=""
>
  <div
    class="panel"
    data-v-45f5edd7=""
  >
    <h2
      data-v-45f5edd7=""
    >
      App Title
    </h2>
    <!--v-if-->
    <form
      data-v-45f5edd7=""
    >
      <div
        class="input-group"
        data-v-45f5edd7=""
      >
        <label
          data-v-45f5edd7=""
        >
          Username
        </label>
        <input
          data-v-45f5edd7=""
          name="username"
        />
      </div>
      <div
        class="input-group"
        data-v-45f5edd7=""
      >
        <label
          data-v-45f5edd7=""
        >
          Password
        </label>
        <input
          data-v-45f5edd7=""
          name="password"
          type="password"
        />
      </div>
      <button
        data-v-45f5edd7=""
        type="submit"
      >
        Login
      </button>
    </form>
  </div>
</div>
`;
